<html>
<body>
<pre>
<h1>µVision Build Log</h1>
<h2>Tool Versions:</h2>
IDE-Version: ¦ÌVision V5.18.0.0
Copyright (C) 2016 ARM Ltd and ARM Germany GmbH. All rights reserved.
License Information: shiji player, hebei university, LIC=----
 
Tool Versions:
Toolchain:       MDK-Lite  Version: 5.18
Toolchain Path:  E:\keil_5\ARM\ARMCC\Bin
C Compiler:      Armcc.exe V5.06 update 1 (build 61)
Assembler:       Armasm.exe V5.06 update 1 (build 61)
Linker/Locator:  ArmLink.exe V5.06 update 1 (build 61)
Library Manager: ArmAr.exe V5.06 update 1 (build 61)
Hex Converter:   FromElf.exe V5.06 update 1 (build 61)
CPU DLL:         SARM.DLL V5.18
Dialog DLL:      DARMSS9.DLL V1.07
Target DLL:      UL2ARM.DLL V1.74.7.0
Dialog DLL:      TARMSS9.DLL V1.05
 
<h2>Project:</h2>
D:\c shiyan\led\exp1.uvproj
Project File Date:  04/09/2018

<h2>Output:</h2>
*** Using Compiler 'V5.06 update 1 (build 61)', folder: 'E:\keil_5\ARM\ARMCC\Bin'
Rebuild target 'Target 1'
compiling led.c...
led.c(38): warning:  #111-D: statement is unreachable
  	return 0;  
led.c(39): warning:  #1-D: last line of file ends without a newline
  }
led.c: 2 warnings, 0 errors
linking...
Program Size: Code=208 RO-data=0 RW-data=0 ZI-data=0  
FromELF: creating hex file...
After Build - User command #1: E:\keil_5\ARM\ARMCC\bin\fromelf.exe  --bin .\Objects\exp1.axf --output  exp1.bin
".\Objects\exp1.axf" - 0 Error(s), 2 Warning(s).
Build Time Elapsed:  00:00:03
</pre>
</body>
</html>
