<!doctype html public "-//w3c//dtd html 4.0 transitional//en">
<html><head>
<title>Static Call Graph - [.\Objects\exp1.axf]</title></head>
<body><HR>
<H1>Static Call Graph for image .\Objects\exp1.axf</H1><HR>
<BR><P>#&#060CALLGRAPH&#062# ARM Linker, 5060061: Last Updated: Mon Apr 09 10:45:45 2018
<BR><P>
<H3>Maximum Stack Usage =          0 bytes</H3><H3>
Call chain for Maximum Stack Depth:</H3>

<P>
<H3>
Global Symbols
</H3>
<P><STRONG><a name="[1]"></a>Delay</STRONG> (ARM, 60 bytes, Stack size 0 bytes, led.o(i.Delay), UNUSED)
<BR><BR>[Called By]<UL><LI><a href="#[0]">&gt;&gt;</a>&nbsp;&nbsp;&nbsp;ledMain
</UL>

<P><STRONG><a name="[0]"></a>ledMain</STRONG> (ARM, 140 bytes, Stack size 0 bytes, led.o(i.ledMain), UNUSED)
<BR><BR>[Calls]<UL><LI><a href="#[1]">&gt;&gt;</a>&nbsp;&nbsp;&nbsp;Delay
</UL>
<P>
<H3>
Local Symbols
</H3><P>
<H3>
Undefined Global Symbols
</H3><HR></body></html>
